exports[`test HeadingSortable Renders Correctly 1`] = `
<td
  style={
    Object {
      "cursor": "move",
    }
  }>
  test heading
</td>
`;
